// Jest Snapshot v1, https://goo.gl/fbAQLP

exports[`Search Component should render correctly the component 1`] = `
<div
  className="search"
>
  <input
    className="search__input"
    onChange={[Function]}
    placeholder="Search Movie Name."
    type="text"
  />
</div>
`;
